17:00:27: XMLMeshSerializer reading mesh data from D:\source\repos\mHorseShoe_cmake\mHorseShoee_0_0_2\x64\assets\GridPlane\GridPlane.mesh.xml...
17:00:27: Reading geometry...
17:00:27: Geometry done...
17:00:27: Reading submeshes...
17:00:27: Error: empty material name encountered. This violates the specs and can lead to crashes.
17:00:27: Submeshes done.
17:00:27: Reading mesh names...
17:00:27: Mesh names done.
17:00:27: XMLMeshSerializer import successful.
17:00:27: MeshSerializer writing mesh data to stream D:\source\repos\mHorseShoe_cmake\mHorseShoee_0_0_2\x64\assets\GridPlane\GridPlane.mesh...
17:00:27: File header written.
17:00:27: Writing mesh data...
17:00:27: Writing submesh...
17:00:27: Submesh exported.
17:00:27: Exporting bounds information....
17:00:27: Bounds information exported.
17:00:27: Exporting submesh name table...
17:00:27: Submesh name table exported.
17:00:27: Mesh data exported.
17:00:27: MeshSerializer export successful.
